TEST-com.bifai.reminder.bifai_backend.service.pose.FallDetectionServiceTest
